<?xml version="1.0" encoding="utf-8" standalone="no"?>
<!--
Copyright 2023 CARIAD SE.

This Source Code Form is subject to the terms of the Mozilla
Public License, v. 2.0. If a copy of the MPL was not distributed
with this file, You can obtain one at https://mozilla.org/MPL/2.0/.
-->
<mapping>
    <header>
        <language_version>1.00</language_version>
        <author>fep_team</author>
        <date_creation>2020-Feb-10</date_creation>
        <date_change>2020-Feb-10</date_change>
        <description>Simple mapping description for testing purposes</description>
    </header>

    <sources>
        <source name="source_signal_a" type="tTestStructA" />
        <source name="source_signal_b" type="tTestStructB" />
    </sources>

    <targets>
        <target name="target_signal_c" type="tTestStructC">
            <assignment to="tUInt32Third" from="source_signal_b.tUInt32Second" />
            <assignment to="tUInt16Fourth" from="source_signal_a.tUInt16First" />
            <assignment to="tInt8Fifth" from="source_signal_a.tInt8Second" />
            <trigger type="signal" variable="source_signal_a" />
        </target>
    </targets>

    <transformations>
    </transformations>
</mapping>